// Jest Snapshot v1, https://goo.gl/fbAQLP

exports[`matches snapshot 1`] = `
<Pokegame
  pokemon={
    Array [
      Object {
        "base_experience": 62,
        "id": 4,
        "name": "Charmander",
        "type": "fire",
      },
      Object {
        "base_experience": 63,
        "id": 7,
        "name": "Squirtle",
        "type": "water",
      },
      Object {
        "base_experience": 72,
        "id": 11,
        "name": "Metapod",
        "type": "bug",
      },
      Object {
        "base_experience": 178,
        "id": 12,
        "name": "Butterfree",
        "type": "flying",
      },
      Object {
        "base_experience": 112,
        "id": 25,
        "name": "Pikachu",
        "type": "electric",
      },
      Object {
        "base_experience": 95,
        "id": 39,
        "name": "Jigglypuff",
        "type": "normal",
      },
      Object {
        "base_experience": 225,
        "id": 94,
        "name": "Gengar",
        "type": "poison",
      },
      Object {
        "base_experience": 65,
        "id": 133,
        "name": "Eevee",
        "type": "normal",
      },
    ]
  }
/>
`;
