// Jest Snapshot v1, https://goo.gl/fbAQLP

exports[`matches snapshot 1`] = `
<div>
  <p />
  <img
    src="https://raw.githubusercontent.com/PokeAPI/sprites/master/sprites/pokemon/undefined.png"
  />
  <br />
  <small>
    Type: 
  </small>
  <br />
  <small>
    EXP: 
  </small>
</div>
`;
